// Jest Snapshot v1, https://goo.gl/fbAQLP

exports[`ChatContainer Rendering matches the snapshot 1`] = `
<DocumentFragment>
  <div
    class="chat-container"
  >
    <div
      class="chat-title"
    >
      Explore Your Metrics: Ask Me How! 
    </div>
    <div
      class="chat-window"
      id="chat"
    />
    <div
      class="chat-input"
    >
      <input
        placeholder="Type your message here..."
        type="text"
        value=""
      />
      <button>
        Send
      </button>
    </div>
  </div>
</DocumentFragment>
`;
